PS D:\GB\GIT> git clone 
fatal: You must specify a repository to clone.

usage: git clone [<options>] [--] <repo> [<dir>]

    -v, --verbose         be more verbose
    -q, --quiet           be more quiet
    --progress            force progress reporting
    --reject-shallow      don't clone shallow repository
    -n, --no-checkout     don't create a checkout
    --bare                create a bare repository
    --mirror              create a mirror repository (implies bare)
    -l, --local           to clone from a local repository
    --no-hardlinks        don't use local hardlinks, always copy
    -s, --shared          setup as shared repository
    --recurse-submodules[=<pathspec>]
                          initialize submodules in the clone
    --recursive ...       alias of --recurse-submodules
PS D:\GB\GIT> git clone https://github.com/rivitch/remote-test-1.git
remote: Total 3 (delta 0), reused 0 (delta 0), pack-reused 0
Receiving objects: 100% (3/3), done.
PS D:\GB\GIT> git remote remove origin
PS D:\GB\GIT\remote-test-1> git remote -v
origin  https://github.com/rivitch/remote-test-1.git (fetch)
PS D:\GB\GIT> echo "# remote-test-2"
# remote-test-2
PS D:\GB\GIT> git init
Initialized empty Git repository in D:/GB/GIT/.git/
On branch master

Untracked files:
PS D:\GB\GIT> git remote add origin https://github.com/rivitch/remote-test-2.git
PS D:\GB\GIT> git push -u origin main
PS D:\GB\GIT> 
PS D:\GB\GIT> git remote add origin https://github.com/rivitch/remote-test-2.git
error: remote origin already exists.
PS D:\GB\GIT> git branch -M main
error: failed to push some refs to 'https://github.com/rivitch/remote-test-2.git'
PS D:\GB\GIT> git remote add sourse https://github.com/rivitch/remote-test-2.git
sourse  https://github.com/rivitch/remote-test-2.git (push)
PS D:\GB\GIT> git remote add origin https://github.com/rivitch/remote-test-2.git
error: remote origin already exists.
PS D:\GB\GIT> git branch -M main
PS D:\GB\GIT> git push -u origin main
error: src refspec main does not match any
error: failed to push some refs to 'https://github.com/rivitch/remote-test-2.git'
PS D:\GB\GIT> git remote -v
PS D:\GB\GIT> cd remote-test-1
origin  https://github.com/rivitch/remote-test-1.git (fetch)
PS D:\GB\GIT\remote-test-1> git remote add origin2 https://github.com/rivitch/remote-test-2.git
origin  https://github.com/rivitch/remote-test-1.git (fetch)
PS D:\GB\GIT\remote-test-1> git remote -v
origin2 https://github.com/rivitch/remote-test-2.git (fetch)
origin2 https://github.com/rivitch/remote-test-2.git (push)
PS D:\GB\GIT\remote-test-1> git remote remove origin2
PS D:\GB\GIT\remote-test-1> git remote -v
PS D:\GB\GIT\remote-test-1> cd D:\GB\GIT
PS D:\GB\GIT> cd D:\GB\GITgit remote add origin https://github.com/rivitch/remote-test-2.git
Set-Location : Не удается найти позиционный параметр, принимающий аргумент "remote".
строка:1 знак:1
+ cd D:\GB\GITgit remote add origin https://github.com/rivitch/remote-t ...
+ ~~~~~~~~~~~~~~~~~~~~~~~~~~~~~~~~~~~~~~~~~~~~~~~~~~~~~~~~~~~~~~~~~~~~~
    + CategoryInfo          : InvalidArgument: (:) [Set-Location], ParameterBindingException
    + FullyQualifiedErrorId : PositionalParameterNotFound,Microsoft.PowerShell.Commands.SetLocationCommand
 
PS D:\GB\GIT> git branch -M main
PS D:\GB\GIT> git push -u origin main
error: src refspec main does not match any
error: failed to push some refs to 'origin'
PS D:\GB\GIT> echo "# remote-test-2"
# remote-test-2
PS D:\GB\GIT> git init
Reinitialized existing Git repository in D:/GB/GIT/.git/
PS D:\GB\GIT> git remote add origin2 https://github.com/rivitch/remote-test-2.git
fatal: not a git repository (or any of the parent directories): .git
PS D:\GB\GIT> cd remote-test-1
PS D:\GB\GIT\remote-test-1> git remote -v
PS D:\GB\GIT\remote-test-1> git remote add origin https://github.com/rivitch/remote-test-2.git
PS D:\GB\GIT\remote-test-1> git branch -M main
PS D:\GB\GIT\remote-test-1>                        
 *  Журнал восстановлен 

origin2 https://github.com/rivitch/remote-test-2.git (fetch)
origin2 https://github.com/rivitch/remote-test-2.git (push)
PS D:\GB\GIT\remote-test-1> git remote remove origin
PS D:\GB\GIT\remote-test-1> git remote -v
origin2 https://github.com/rivitch/remote-test-2.git (fetch)
origin2 https://github.com/rivitch/remote-test-2.git (push)
PS D:\GB\GIT\remote-test-1> git remote add origin1 https://github.com/rivitch/remote-test-1.git
PS D:\GB\GIT\remote-test-1> git remote -v
origin1 https://github.com/rivitch/remote-test-1.git (fetch)
origin1 https://github.com/rivitch/remote-test-1.git (push)
origin2 https://github.com/rivitch/remote-test-2.git (fetch)
origin2 https://github.com/rivitch/remote-test-2.git (push)
PS D:\GB\GIT\remote-test-1> git remote add origin2 https://github.com/rivitch/remote-test-2.git
error: remote origin2 already exists.
PS D:\GB\GIT\remote-test-1> git remote remove origin2
PS D:\GB\GIT\remote-test-1> 
PS D:\GB\GIT\remote-test-1> git remote add origin2 https://github.com/rivitch/remote-test-2.git
PS D:\GB\GIT\remote-test-1> git remote -v
origin2 https://github.com/rivitch/remote-test-2.git (fetch)
origin2 https://github.com/rivitch/remote-test-2.git (push)
PS D:\GB\GIT\remote-test-1> git status
On branch main
Changes not staged for commit:
  (use "git add <file>..." to update what will be committed)
  (use "git restore <file>..." to discard changes in working directory)
        modified:   README.md

no changes added to commit (use "git add" and/or "git commit -a")
PS D:\GB\GIT\remote-test-1> git branch -M main
PS D:\GB\GIT\remote-test-1> git push -u origin main
fatal: 'origin' does not appear to be a git repository
Please make sure you have the correct access rights
and the repository exists.
Enumerating objects: 3, done.
Counting objects: 100% (3/3), done.
Writing objects: 100% (3/3), 615 bytes | 615.00 KiB/s, done.
Total 3 (delta 0), reused 3 (delta 0), pack-reused 0
To https://github.com/rivitch/remote-test-2.git
 * [new branch]      main -> main
branch 'main' set up to track 'origin2/main'.
PS D:\GB\GIT\remote-test-1> git status
On branch main

Changes not staged for commit:
no changes added to commit (use "git add" and/or "git commit -a")
PS D:\GB\GIT\remote-test-1> git commit -m "проверка1"
[main 70e1e2d] проверка1
PS D:\GB\GIT\remote-test-1> git push -u origin2 main 
Enumerating objects: 5, done.
Counting objects: 100% (5/5), done.
Delta compression using up to 12 threads
Compressing objects: 100% (2/2), done.
Writing objects: 100% (3/3), 359 bytes | 359.00 KiB/s, done.
Total 3 (delta 0), reused 0 (delta 0), pack-reused 0
To https://github.com/rivitch/remote-test-2.git
   8be90ce..70e1e2d  main -> main
origin2 https://github.com/rivitch/remote-test-2.git (fetch)
origin2 https://github.com/rivitch/remote-test-2.git (push)
PS D:\GB\GIT\remote-test-1> git remote remove origin2
PS D:\GB\GIT\remote-test-1> git remote add origin1 https://github.com/rivitch/remote-test-1.git
PS D:\GB\GIT\remote-test-1> git remote add origin1 https://github.com/rivitch/remote-test-1.git
error: remote origin1 already exists.
PS D:\GB\GIT\remote-test-1> git remote -v
origin1 https://github.com/rivitch/remote-test-1.git (fetch)
origin1 https://github.com/rivitch/remote-test-1.git (push)
PS D:\GB\GIT\remote-test-1> git push -u origin1 main
Enumerating objects: 5, done.
Delta compression using up to 12 threads
Compressing objects: 100% (2/2), done.
To https://github.com/rivitch/remote-test-1.git
   8be90ce..70e1e2d  main -> main
branch 'main' set up to track 'origin1/main'.
PS D:\GB\GIT\remote-test-1> git add .
[main cba0a3b] add logs1.txt
 1 file changed, 0 insertions(+), 0 deletions(-)
 create mode 100644 logs1.txt
PS D:\GB\GIT\remote-test-1> git push
Enumerating objects: 4, done.
Counting objects: 100% (4/4), done.
Delta compression using up to 12 threads
Compressing objects: 100% (2/2), done.
Writing objects: 100% (3/3), 271 bytes | 271.00 KiB/s, done.
Total 3 (delta 0), reused 0 (delta 0), pack-reused 0
To https://github.com/rivitch/remote-test-1.git
   70e1e2d..cba0a3b  main -> main
PS D:\GB\GIT\remote-test-1> git remote -v
origin1 https://github.com/rivitch/remote-test-1.git (fetch)
origin1 https://github.com/rivitch/remote-test-1.git (push)
PS D:\GB\GIT\remote-test-1> git remote add origin2 https://github.com/rivitch/remote-test-2.git
PS D:\GB\GIT\remote-test-1> git remote -v
origin1 https://github.com/rivitch/remote-test-1.git (fetch)
origin1 https://github.com/rivitch/remote-test-1.git (push)
origin2 https://github.com/rivitch/remote-test-2.git (fetch)
origin2 https://github.com/rivitch/remote-test-2.git (push)
PS D:\GB\GIT\remote-test-1> git push -u origin2 main
Enumerating objects: 4, done.
Counting objects: 100% (4/4), done.
Delta compression using up to 12 threads
Compressing objects: 100% (2/2), done.
Writing objects: 100% (3/3), 271 bytes | 271.00 KiB/s, done.
Total 3 (delta 0), reused 0 (delta 0), pack-reused 0
To https://github.com/rivitch/remote-test-2.git
   70e1e2d..cba0a3b  main -> main
PS D:\GB\GIT\remote-test-1> git add .
PS D:\GB\GIT\remote-test-1> git commit -m "add change to1,2"
[main b18679e] add change to1,2
 1 file changed, 187 insertions(+)
PS D:\GB\GIT\remote-test-1> git push -u origin2 main
Enumerating objects: 5, done.
Counting objects: 100% (5/5), done.
Delta compression using up to 12 threads
Compressing objects: 100% (3/3), done.
Writing objects: 100% (3/3), 2.03 KiB | 2.03 MiB/s, done.
Total 3 (delta 0), reused 0 (delta 0), pack-reused 0
To https://github.com/rivitch/remote-test-2.git
   cba0a3b..b18679e  main -> main
branch 'main' set up to track 'origin2/main'.
PS D:\GB\GIT\remote-test-1> git push -u origin1 main
Enumerating objects: 5, done.
Counting objects: 100% (5/5), done.
Delta compression using up to 12 threads
Compressing objects: 100% (3/3), done.
Writing objects: 100% (3/3), 2.03 KiB | 2.03 MiB/s, done.
Total 3 (delta 0), reused 0 (delta 0), pack-reused 0
To https://github.com/rivitch/remote-test-1.git
   cba0a3b..b18679e  main -> main
branch 'main' set up to track 'origin1/main'.
PS D:\GB\GIT\remote-test-1>